[INFO] Scanning for projects...
[INFO] 
[INFO] ------------------< com.internship:student-exam-api >-------------------
[INFO] Building  0.0.1-SNAPSHOT
[INFO]   from pom.xml
[INFO] --------------------------------[ jar ]---------------------------------
[INFO] 
[INFO] --- clean:3.3.2:clean (default-clean) @ student-exam-api ---
[INFO] Deleting C:\Users\athar\OneDrive\Desktop\internship\student-exam-api\target
[INFO] 
[INFO] --- jacoco:0.8.11:prepare-agent (prepare-agent) @ student-exam-api ---
[INFO] argLine set to -javaagent:C:\\Users\\athar\\.m2\\repository\\org\\jacoco\\org.jacoco.agent\\0.8.11\\org.jacoco.agent-0.8.11-runtime.jar=destfile=C:\\Users\\athar\\OneDrive\\Desktop\\internship\\student-exam-api\\target\\jacoco.exec,excludes=**/dto/**:**/entity/**:**/enums/**:**/config/**:**/StudentExamApiApplication.class
[INFO] 
[INFO] --- resources:3.3.1:resources (default-resources) @ student-exam-api ---
[INFO] Copying 5 resources from src\main\resources to target\classes
[INFO] Copying 4 resources from src\main\resources to target\classes
[INFO] 
[INFO] --- compiler:3.11.0:compile (default-compile) @ student-exam-api ---
[INFO] Changes detected - recompiling the module! :source
[INFO] Compiling 51 source files with javac [debug release 17] to target\classes
[INFO] -------------------------------------------------------------
[ERROR] COMPILATION ERROR : 
[INFO] -------------------------------------------------------------
[ERROR] /C:/Users/athar/OneDrive/Desktop/internship/student-exam-api/src/main/java/com/internship/student_exam_api/config/DatabaseSeeder.java:[14,12] class com.internship.student_exam_api.config.DatabaseSeeder is already defined in package com.internship.student_exam_api.config
[ERROR] /C:/Users/athar/OneDrive/Desktop/internship/student-exam-api/src/main/java/com/internship/student_exam_api/controller/AuthController.java:[52,9] cannot find symbol
  symbol:   variable log
  location: class com.internship.student_exam_api.controller.AuthController
[ERROR] /C:/Users/athar/OneDrive/Desktop/internship/student-exam-api/src/main/java/com/internship/student_exam_api/controller/AuthController.java:[52,66] cannot find symbol
  symbol:   method getEmail()
  location: variable request of type com.internship.student_exam_api.dto.request.LoginRequest
[ERROR] /C:/Users/athar/OneDrive/Desktop/internship/student-exam-api/src/main/java/com/internship/student_exam_api/controller/AuthController.java:[56,24] cannot find symbol
  symbol:   method getEmail()
  location: variable request of type com.internship.student_exam_api.dto.request.LoginRequest
[ERROR] /C:/Users/athar/OneDrive/Desktop/internship/student-exam-api/src/main/java/com/internship/student_exam_api/controller/AuthController.java:[57,24] cannot find symbol
  symbol:   method getPassword()
  location: variable request of type com.internship.student_exam_api.dto.request.LoginRequest
[ERROR] /C:/Users/athar/OneDrive/Desktop/internship/student-exam-api/src/main/java/com/internship/student_exam_api/controller/AuthController.java:[64,9] cannot find symbol
  symbol:   variable log
  location: class com.internship.student_exam_api.controller.AuthController
[ERROR] /C:/Users/athar/OneDrive/Desktop/internship/student-exam-api/src/main/java/com/internship/student_exam_api/controller/AuthController.java:[67,26] cannot find symbol
  symbol:   method builder()
  location: class com.internship.student_exam_api.dto.response.LoginResponse
[ERROR] /C:/Users/athar/OneDrive/Desktop/internship/student-exam-api/src/main/java/com/internship/student_exam_api/security/JwtUtil.java:[59,13] cannot find symbol
  symbol:   variable log
  location: class com.internship.student_exam_api.security.JwtUtil
[ERROR] /C:/Users/athar/OneDrive/Desktop/internship/student-exam-api/src/main/java/com/internship/student_exam_api/security/AppUserDetails.java:[31,57] cannot find symbol
  symbol:   method getRole()
  location: variable appUser of type com.internship.student_exam_api.entity.AppUser
[ERROR] /C:/Users/athar/OneDrive/Desktop/internship/student-exam-api/src/main/java/com/internship/student_exam_api/security/AppUserDetails.java:[37,23] cannot find symbol
  symbol:   method getPassword()
  location: variable appUser of type com.internship.student_exam_api.entity.AppUser
[ERROR] /C:/Users/athar/OneDrive/Desktop/internship/student-exam-api/src/main/java/com/internship/student_exam_api/security/AppUserDetails.java:[42,23] cannot find symbol
  symbol:   method getEmail()
  location: variable appUser of type com.internship.student_exam_api.entity.AppUser
[ERROR] /C:/Users/athar/OneDrive/Desktop/internship/student-exam-api/src/main/java/com/internship/student_exam_api/security/AppUserDetails.java:[71,23] cannot find symbol
  symbol:   method getRole()
  location: variable appUser of type com.internship.student_exam_api.entity.AppUser
[ERROR] /C:/Users/athar/OneDrive/Desktop/internship/student-exam-api/src/main/java/com/internship/student_exam_api/service/ExamService.java:[44,9] cannot find symbol
  symbol:   variable log
  location: class com.internship.student_exam_api.service.ExamService
[ERROR] /C:/Users/athar/OneDrive/Desktop/internship/student-exam-api/src/main/java/com/internship/student_exam_api/service/ExamService.java:[44,65] cannot find symbol
  symbol:   method getExamName()
  location: variable request of type com.internship.student_exam_api.dto.request.ExamRequest
[ERROR] /C:/Users/athar/OneDrive/Desktop/internship/student-exam-api/src/main/java/com/internship/student_exam_api/service/ExamService.java:[44,88] cannot find symbol
  symbol:   method getSubjectId()
  location: variable request of type com.internship.student_exam_api.dto.request.ExamRequest
[ERROR] /C:/Users/athar/OneDrive/Desktop/internship/student-exam-api/src/main/java/com/internship/student_exam_api/service/ExamService.java:[47,68] cannot find symbol
  symbol:   method getSubjectId()
  location: variable request of type com.internship.student_exam_api.dto.request.ExamRequest
[ERROR] /C:/Users/athar/OneDrive/Desktop/internship/student-exam-api/src/main/java/com/internship/student_exam_api/service/ExamService.java:[49,37] cannot find symbol
  symbol:   method getExamName()
  location: variable request of type com.internship.student_exam_api.dto.request.ExamRequest
[ERROR] /C:/Users/athar/OneDrive/Desktop/internship/student-exam-api/src/main/java/com/internship/student_exam_api/service/ExamService.java:[49,69] cannot find symbol
  symbol:   method getExamDate()
  location: variable request of type com.internship.student_exam_api.dto.request.ExamRequest
[ERROR] /C:/Users/athar/OneDrive/Desktop/internship/student-exam-api/src/main/java/com/internship/student_exam_api/service/ExamService.java:[52,9] cannot find symbol
  symbol:   variable log
  location: class com.internship.student_exam_api.service.ExamService
[ERROR] /C:/Users/athar/OneDrive/Desktop/internship/student-exam-api/src/main/java/com/internship/student_exam_api/service/ExamService.java:[93,28] cannot find symbol
  symbol:   method builder()
  location: class com.internship.student_exam_api.dto.response.ExamResponse
[ERROR] /C:/Users/athar/OneDrive/Desktop/internship/student-exam-api/src/main/java/com/internship/student_exam_api/service/SubjectService.java:[29,9] cannot find symbol
  symbol:   variable log
  location: class com.internship.student_exam_api.service.SubjectService
[ERROR] /C:/Users/athar/OneDrive/Desktop/internship/student-exam-api/src/main/java/com/internship/student_exam_api/service/SubjectService.java:[29,59] cannot find symbol
  symbol:   method getSubjectCode()
  location: variable request of type com.internship.student_exam_api.dto.request.SubjectCreateRequest
[ERROR] /C:/Users/athar/OneDrive/Desktop/internship/student-exam-api/src/main/java/com/internship/student_exam_api/service/SubjectService.java:[31,58] cannot find symbol
  symbol:   method getSubjectCode()
  location: variable request of type com.internship.student_exam_api.dto.request.SubjectCreateRequest
[ERROR] /C:/Users/athar/OneDrive/Desktop/internship/student-exam-api/src/main/java/com/internship/student_exam_api/service/SubjectService.java:[32,83] cannot find symbol
  symbol:   method getSubjectCode()
  location: variable request of type com.internship.student_exam_api.dto.request.SubjectCreateRequest
[ERROR] /C:/Users/athar/OneDrive/Desktop/internship/student-exam-api/src/main/java/com/internship/student_exam_api/service/SubjectService.java:[36,20] cannot find symbol
  symbol:   method getSubjectName()
  location: variable request of type com.internship.student_exam_api.dto.request.SubjectCreateRequest
[ERROR] /C:/Users/athar/OneDrive/Desktop/internship/student-exam-api/src/main/java/com/internship/student_exam_api/service/SubjectService.java:[37,20] cannot find symbol
  symbol:   method getSubjectCode()
  location: variable request of type com.internship.student_exam_api.dto.request.SubjectCreateRequest
[ERROR] /C:/Users/athar/OneDrive/Desktop/internship/student-exam-api/src/main/java/com/internship/student_exam_api/service/SubjectService.java:[38,20] cannot find symbol
  symbol:   method getTotalMarks()
  location: variable request of type com.internship.student_exam_api.dto.request.SubjectCreateRequest
[ERROR] /C:/Users/athar/OneDrive/Desktop/internship/student-exam-api/src/main/java/com/internship/student_exam_api/service/SubjectService.java:[42,9] cannot find symbol
  symbol:   variable log
  location: class com.internship.student_exam_api.service.SubjectService
[ERROR] /C:/Users/athar/OneDrive/Desktop/internship/student-exam-api/src/main/java/com/internship/student_exam_api/service/SubjectService.java:[42,54] cannot find symbol
  symbol:   method getId()
  location: variable saved of type com.internship.student_exam_api.entity.Subject
[ERROR] /C:/Users/athar/OneDrive/Desktop/internship/student-exam-api/src/main/java/com/internship/student_exam_api/service/SubjectService.java:[61,9] cannot find symbol
  symbol:   variable log
  location: class com.internship.student_exam_api.service.SubjectService
[ERROR] /C:/Users/athar/OneDrive/Desktop/internship/student-exam-api/src/main/java/com/internship/student_exam_api/service/SubjectService.java:[64,66] cannot find symbol
  symbol:   method getSubjectCode()
  location: variable request of type com.internship.student_exam_api.dto.request.SubjectUpdateRequest
[ERROR] /C:/Users/athar/OneDrive/Desktop/internship/student-exam-api/src/main/java/com/internship/student_exam_api/service/SubjectService.java:[65,83] cannot find symbol
  symbol:   method getSubjectCode()
  location: variable request of type com.internship.student_exam_api.dto.request.SubjectUpdateRequest
[ERROR] /C:/Users/athar/OneDrive/Desktop/internship/student-exam-api/src/main/java/com/internship/student_exam_api/service/SubjectService.java:[68,39] cannot find symbol
  symbol:   method getSubjectName()
  location: variable request of type com.internship.student_exam_api.dto.request.SubjectUpdateRequest
[ERROR] /C:/Users/athar/OneDrive/Desktop/internship/student-exam-api/src/main/java/com/internship/student_exam_api/service/SubjectService.java:[69,39] cannot find symbol
  symbol:   method getSubjectCode()
  location: variable request of type com.internship.student_exam_api.dto.request.SubjectUpdateRequest
[ERROR] /C:/Users/athar/OneDrive/Desktop/internship/student-exam-api/src/main/java/com/internship/student_exam_api/service/SubjectService.java:[70,38] cannot find symbol
  symbol:   method getTotalMarks()
  location: variable request of type com.internship.student_exam_api.dto.request.SubjectUpdateRequest
[ERROR] /C:/Users/athar/OneDrive/Desktop/internship/student-exam-api/src/main/java/com/internship/student_exam_api/service/SubjectService.java:[77,9] cannot find symbol
  symbol:   variable log
  location: class com.internship.student_exam_api.service.SubjectService
[ERROR] /C:/Users/athar/OneDrive/Desktop/internship/student-exam-api/src/main/java/com/internship/student_exam_api/service/SubjectService.java:[92,31] cannot find symbol
  symbol:   method builder()
  location: class com.internship.student_exam_api.dto.response.SubjectResponse
[ERROR] /C:/Users/athar/OneDrive/Desktop/internship/student-exam-api/src/main/java/com/internship/student_exam_api/service/SubjectService.java:[93,24] cannot find symbol
  symbol:   method getId()
  location: variable subject of type com.internship.student_exam_api.entity.Subject
[ERROR] /C:/Users/athar/OneDrive/Desktop/internship/student-exam-api/src/main/java/com/internship/student_exam_api/service/SubjectService.java:[94,33] cannot find symbol
  symbol:   method getSubjectName()
  location: variable subject of type com.internship.student_exam_api.entity.Subject
[ERROR] /C:/Users/athar/OneDrive/Desktop/internship/student-exam-api/src/main/java/com/internship/student_exam_api/service/SubjectService.java:[95,33] cannot find symbol
  symbol:   method getSubjectCode()
  location: variable subject of type com.internship.student_exam_api.entity.Subject
[ERROR] /C:/Users/athar/OneDrive/Desktop/internship/student-exam-api/src/main/java/com/internship/student_exam_api/service/SubjectService.java:[96,32] cannot find symbol
  symbol:   method getTotalMarks()
  location: variable subject of type com.internship.student_exam_api.entity.Subject
[ERROR] /C:/Users/athar/OneDrive/Desktop/internship/student-exam-api/src/main/java/com/internship/student_exam_api/service/SubjectService.java:[97,31] cannot find symbol
  symbol:   method getCreatedAt()
  location: variable subject of type com.internship.student_exam_api.entity.Subject
[ERROR] /C:/Users/athar/OneDrive/Desktop/internship/student-exam-api/src/main/java/com/internship/student_exam_api/controller/ExamController.java:[43,9] cannot find symbol
  symbol:   variable log
  location: class com.internship.student_exam_api.controller.ExamController
[ERROR] /C:/Users/athar/OneDrive/Desktop/internship/student-exam-api/src/main/java/com/internship/student_exam_api/controller/ExamController.java:[54,9] cannot find symbol
  symbol:   variable log
  location: class com.internship.student_exam_api.controller.ExamController
[ERROR] /C:/Users/athar/OneDrive/Desktop/internship/student-exam-api/src/main/java/com/internship/student_exam_api/controller/ExamController.java:[65,9] cannot find symbol
  symbol:   variable log
  location: class com.internship.student_exam_api.controller.ExamController
[ERROR] /C:/Users/athar/OneDrive/Desktop/internship/student-exam-api/src/main/java/com/internship/student_exam_api/security/UserDetailsServiceImpl.java:[32,9] cannot find symbol
  symbol:   variable log
  location: class com.internship.student_exam_api.security.UserDetailsServiceImpl
[ERROR] /C:/Users/athar/OneDrive/Desktop/internship/student-exam-api/src/main/java/com/internship/student_exam_api/controller/StudentController.java:[85,9] cannot find symbol
  symbol:   variable log
  location: class com.internship.student_exam_api.controller.StudentController
[ERROR] /C:/Users/athar/OneDrive/Desktop/internship/student-exam-api/src/main/java/com/internship/student_exam_api/controller/StudentController.java:[97,9] cannot find symbol
  symbol:   variable log
  location: class com.internship.student_exam_api.controller.StudentController
[ERROR] /C:/Users/athar/OneDrive/Desktop/internship/student-exam-api/src/main/java/com/internship/student_exam_api/controller/StudentController.java:[112,9] cannot find symbol
  symbol:   variable log
  location: class com.internship.student_exam_api.controller.StudentController
[ERROR] /C:/Users/athar/OneDrive/Desktop/internship/student-exam-api/src/main/java/com/internship/student_exam_api/controller/StudentController.java:[125,9] cannot find symbol
  symbol:   variable log
  location: class com.internship.student_exam_api.controller.StudentController
[ERROR] /C:/Users/athar/OneDrive/Desktop/internship/student-exam-api/src/main/java/com/internship/student_exam_api/controller/StudentController.java:[142,9] cannot find symbol
  symbol:   variable log
  location: class com.internship.student_exam_api.controller.StudentController
[ERROR] /C:/Users/athar/OneDrive/Desktop/internship/student-exam-api/src/main/java/com/internship/student_exam_api/service/StudentService.java:[82,9] cannot find symbol
  symbol:   variable log
  location: class com.internship.student_exam_api.service.StudentService
[ERROR] /C:/Users/athar/OneDrive/Desktop/internship/student-exam-api/src/main/java/com/internship/student_exam_api/service/StudentService.java:[82,60] cannot find symbol
  symbol:   method getEmail()
  location: variable request of type com.internship.student_exam_api.dto.request.StudentCreateRequest
[ERROR] /C:/Users/athar/OneDrive/Desktop/internship/student-exam-api/src/main/java/com/internship/student_exam_api/service/StudentService.java:[85,52] cannot find symbol
  symbol:   method getEmail()
  location: variable request of type com.internship.student_exam_api.dto.request.StudentCreateRequest
[ERROR] /C:/Users/athar/OneDrive/Desktop/internship/student-exam-api/src/main/java/com/internship/student_exam_api/service/StudentService.java:[86,77] cannot find symbol
  symbol:   method getEmail()
  location: variable request of type com.internship.student_exam_api.dto.request.StudentCreateRequest
[ERROR] /C:/Users/athar/OneDrive/Desktop/internship/student-exam-api/src/main/java/com/internship/student_exam_api/service/StudentService.java:[90,57] cannot find symbol
  symbol:   method getRollNumber()
  location: variable request of type com.internship.student_exam_api.dto.request.StudentCreateRequest
[ERROR] /C:/Users/athar/OneDrive/Desktop/internship/student-exam-api/src/main/java/com/internship/student_exam_api/service/StudentService.java:[91,82] cannot find symbol
  symbol:   method getRollNumber()
  location: variable request of type com.internship.student_exam_api.dto.request.StudentCreateRequest
[ERROR] /C:/Users/athar/OneDrive/Desktop/internship/student-exam-api/src/main/java/com/internship/student_exam_api/service/StudentService.java:[96,20] cannot find symbol
  symbol:   method getName()
  location: variable request of type com.internship.student_exam_api.dto.request.StudentCreateRequest
[ERROR] /C:/Users/athar/OneDrive/Desktop/internship/student-exam-api/src/main/java/com/internship/student_exam_api/service/StudentService.java:[97,20] cannot find symbol
  symbol:   method getEmail()
  location: variable request of type com.internship.student_exam_api.dto.request.StudentCreateRequest
[ERROR] /C:/Users/athar/OneDrive/Desktop/internship/student-exam-api/src/main/java/com/internship/student_exam_api/service/StudentService.java:[98,20] cannot find symbol
  symbol:   method getRollNumber()
  location: variable request of type com.internship.student_exam_api.dto.request.StudentCreateRequest
[ERROR] /C:/Users/athar/OneDrive/Desktop/internship/student-exam-api/src/main/java/com/internship/student_exam_api/service/StudentService.java:[99,20] cannot find symbol
  symbol:   method getSection()
  location: variable request of type com.internship.student_exam_api.dto.request.StudentCreateRequest
[ERROR] /C:/Users/athar/OneDrive/Desktop/internship/student-exam-api/src/main/java/com/internship/student_exam_api/service/StudentService.java:[104,9] cannot find symbol
  symbol:   variable log
  location: class com.internship.student_exam_api.service.StudentService
[ERROR] /C:/Users/athar/OneDrive/Desktop/internship/student-exam-api/src/main/java/com/internship/student_exam_api/service/StudentService.java:[104,54] cannot find symbol
  symbol:   method getId()
  location: variable saved of type com.internship.student_exam_api.entity.Student
[ERROR] /C:/Users/athar/OneDrive/Desktop/internship/student-exam-api/src/main/java/com/internship/student_exam_api/service/StudentService.java:[115,9] cannot find symbol
  symbol:   variable log
  location: class com.internship.student_exam_api.service.StudentService
[ERROR] /C:/Users/athar/OneDrive/Desktop/internship/student-exam-api/src/main/java/com/internship/student_exam_api/service/StudentService.java:[132,9] cannot find symbol
  symbol:   variable log
  location: class com.internship.student_exam_api.service.StudentService
[ERROR] /C:/Users/athar/OneDrive/Desktop/internship/student-exam-api/src/main/java/com/internship/student_exam_api/service/StudentService.java:[164,9] cannot find symbol
  symbol:   variable log
  location: class com.internship.student_exam_api.service.StudentService
[ERROR] /C:/Users/athar/OneDrive/Desktop/internship/student-exam-api/src/main/java/com/internship/student_exam_api/service/StudentService.java:[169,60] cannot find symbol
  symbol:   method getEmail()
  location: variable request of type com.internship.student_exam_api.dto.request.StudentUpdateRequest
[ERROR] /C:/Users/athar/OneDrive/Desktop/internship/student-exam-api/src/main/java/com/internship/student_exam_api/service/StudentService.java:[170,77] cannot find symbol
  symbol:   method getEmail()
  location: variable request of type com.internship.student_exam_api.dto.request.StudentUpdateRequest
[ERROR] /C:/Users/athar/OneDrive/Desktop/internship/student-exam-api/src/main/java/com/internship/student_exam_api/service/StudentService.java:[174,32] cannot find symbol
  symbol:   method getName()
  location: variable request of type com.internship.student_exam_api.dto.request.StudentUpdateRequest
[ERROR] /C:/Users/athar/OneDrive/Desktop/internship/student-exam-api/src/main/java/com/internship/student_exam_api/service/StudentService.java:[175,33] cannot find symbol
  symbol:   method getEmail()
  location: variable request of type com.internship.student_exam_api.dto.request.StudentUpdateRequest
[ERROR] /C:/Users/athar/OneDrive/Desktop/internship/student-exam-api/src/main/java/com/internship/student_exam_api/service/StudentService.java:[176,35] cannot find symbol
  symbol:   method getSection()
  location: variable request of type com.internship.student_exam_api.dto.request.StudentUpdateRequest
[ERROR] /C:/Users/athar/OneDrive/Desktop/internship/student-exam-api/src/main/java/com/internship/student_exam_api/service/StudentService.java:[180,9] cannot find symbol
  symbol:   variable log
  location: class com.internship.student_exam_api.service.StudentService
[ERROR] /C:/Users/athar/OneDrive/Desktop/internship/student-exam-api/src/main/java/com/internship/student_exam_api/service/StudentService.java:[180,48] cannot find symbol
  symbol:   method getId()
  location: variable updated of type com.internship.student_exam_api.entity.Student
[ERROR] /C:/Users/athar/OneDrive/Desktop/internship/student-exam-api/src/main/java/com/internship/student_exam_api/service/StudentService.java:[191,9] cannot find symbol
  symbol:   variable log
  location: class com.internship.student_exam_api.service.StudentService
[ERROR] /C:/Users/athar/OneDrive/Desktop/internship/student-exam-api/src/main/java/com/internship/student_exam_api/service/StudentService.java:[199,9] cannot find symbol
  symbol:   variable log
  location: class com.internship.student_exam_api.service.StudentService
[ERROR] /C:/Users/athar/OneDrive/Desktop/internship/student-exam-api/src/main/java/com/internship/student_exam_api/service/StudentService.java:[233,31] cannot find symbol
  symbol:   method builder()
  location: class com.internship.student_exam_api.dto.response.StudentResponse
[ERROR] /C:/Users/athar/OneDrive/Desktop/internship/student-exam-api/src/main/java/com/internship/student_exam_api/service/StudentService.java:[234,24] cannot find symbol
  symbol:   method getId()
  location: variable student of type com.internship.student_exam_api.entity.Student
[ERROR] /C:/Users/athar/OneDrive/Desktop/internship/student-exam-api/src/main/java/com/internship/student_exam_api/service/StudentService.java:[235,26] cannot find symbol
  symbol:   method getName()
  location: variable student of type com.internship.student_exam_api.entity.Student
[ERROR] /C:/Users/athar/OneDrive/Desktop/internship/student-exam-api/src/main/java/com/internship/student_exam_api/service/StudentService.java:[236,27] cannot find symbol
  symbol:   method getEmail()
  location: variable student of type com.internship.student_exam_api.entity.Student
[ERROR] /C:/Users/athar/OneDrive/Desktop/internship/student-exam-api/src/main/java/com/internship/student_exam_api/service/StudentService.java:[237,32] cannot find symbol
  symbol:   method getRollNumber()
  location: variable student of type com.internship.student_exam_api.entity.Student
[ERROR] /C:/Users/athar/OneDrive/Desktop/internship/student-exam-api/src/main/java/com/internship/student_exam_api/service/StudentService.java:[238,29] cannot find symbol
  symbol:   method getSection()
  location: variable student of type com.internship.student_exam_api.entity.Student
[ERROR] /C:/Users/athar/OneDrive/Desktop/internship/student-exam-api/src/main/java/com/internship/student_exam_api/service/StudentService.java:[239,31] cannot find symbol
  symbol:   method getCreatedAt()
  location: variable student of type com.internship.student_exam_api.entity.Student
[ERROR] /C:/Users/athar/OneDrive/Desktop/internship/student-exam-api/src/main/java/com/internship/student_exam_api/service/StudentService.java:[240,31] cannot find symbol
  symbol:   method getUpdatedAt()
  location: variable student of type com.internship.student_exam_api.entity.Student
[ERROR] /C:/Users/athar/OneDrive/Desktop/internship/student-exam-api/src/main/java/com/internship/student_exam_api/security/JwtAuthFilter.java:[65,17] cannot find symbol
  symbol:   variable log
  location: class com.internship.student_exam_api.security.JwtAuthFilter
[ERROR] /C:/Users/athar/OneDrive/Desktop/internship/student-exam-api/src/main/java/com/internship/student_exam_api/controller/ResultController.java:[46,9] cannot find symbol
  symbol:   variable log
  location: class com.internship.student_exam_api.controller.ResultController
[ERROR] /C:/Users/athar/OneDrive/Desktop/internship/student-exam-api/src/main/java/com/internship/student_exam_api/controller/ResultController.java:[52,9] cannot find symbol
  symbol:   variable log
  location: class com.internship.student_exam_api.controller.ResultController
[ERROR] /C:/Users/athar/OneDrive/Desktop/internship/student-exam-api/src/main/java/com/internship/student_exam_api/controller/ResultController.java:[60,9] cannot find symbol
  symbol:   variable log
  location: class com.internship.student_exam_api.controller.ResultController
[ERROR] /C:/Users/athar/OneDrive/Desktop/internship/student-exam-api/src/main/java/com/internship/student_exam_api/controller/ResultController.java:[73,9] cannot find symbol
  symbol:   variable log
  location: class com.internship.student_exam_api.controller.ResultController
[ERROR] /C:/Users/athar/OneDrive/Desktop/internship/student-exam-api/src/main/java/com/internship/student_exam_api/service/ResultService.java:[68,9] cannot find symbol
  symbol:   variable log
  location: class com.internship.student_exam_api.service.ResultService
[ERROR] /C:/Users/athar/OneDrive/Desktop/internship/student-exam-api/src/main/java/com/internship/student_exam_api/service/ResultService.java:[69,20] cannot find symbol
  symbol:   method getStudentId()
  location: variable request of type com.internship.student_exam_api.dto.request.ResultCreateRequest
[ERROR] /C:/Users/athar/OneDrive/Desktop/internship/student-exam-api/src/main/java/com/internship/student_exam_api/service/ResultService.java:[69,44] cannot find symbol
  symbol:   method getExamId()
  location: variable request of type com.internship.student_exam_api.dto.request.ResultCreateRequest
[ERROR] /C:/Users/athar/OneDrive/Desktop/internship/student-exam-api/src/main/java/com/internship/student_exam_api/service/ResultService.java:[72,68] cannot find symbol
  symbol:   method getStudentId()
  location: variable request of type com.internship.student_exam_api.dto.request.ResultCreateRequest
[ERROR] /C:/Users/athar/OneDrive/Desktop/internship/student-exam-api/src/main/java/com/internship/student_exam_api/service/ResultService.java:[75,56] cannot find symbol
  symbol:   method getExamId()
  location: variable request of type com.internship.student_exam_api.dto.request.ResultCreateRequest
[ERROR] /C:/Users/athar/OneDrive/Desktop/internship/student-exam-api/src/main/java/com/internship/student_exam_api/service/ResultService.java:[78,64] cannot find symbol
  symbol:   method getStudentId()
  location: variable request of type com.internship.student_exam_api.dto.request.ResultCreateRequest
[ERROR] /C:/Users/athar/OneDrive/Desktop/internship/student-exam-api/src/main/java/com/internship/student_exam_api/service/ResultService.java:[78,88] cannot find symbol
  symbol:   method getExamId()
  location: variable request of type com.internship.student_exam_api.dto.request.ResultCreateRequest
[ERROR] /C:/Users/athar/OneDrive/Desktop/internship/student-exam-api/src/main/java/com/internship/student_exam_api/service/ResultService.java:[80,69] cannot find symbol
  symbol:   method getStudentId()
  location: variable request of type com.internship.student_exam_api.dto.request.ResultCreateRequest
[ERROR] /C:/Users/athar/OneDrive/Desktop/internship/student-exam-api/src/main/java/com/internship/student_exam_api/service/ResultService.java:[81,43] cannot find symbol
  symbol:   method getExamId()
  location: variable request of type com.internship.student_exam_api.dto.request.ResultCreateRequest
[ERROR] /C:/Users/athar/OneDrive/Desktop/internship/student-exam-api/src/main/java/com/internship/student_exam_api/service/ResultService.java:[86,46] cannot find symbol
  symbol:   method getTotalMarks()
  location: class com.internship.student_exam_api.entity.Subject
[ERROR] /C:/Users/athar/OneDrive/Desktop/internship/student-exam-api/src/main/java/com/internship/student_exam_api/service/ResultService.java:[87,20] cannot find symbol
  symbol:   method getMarks()
  location: variable request of type com.internship.student_exam_api.dto.request.ResultCreateRequest
[ERROR] /C:/Users/athar/OneDrive/Desktop/internship/student-exam-api/src/main/java/com/internship/student_exam_api/service/ResultService.java:[89,36] cannot find symbol
  symbol:   method getMarks()
  location: variable request of type com.internship.student_exam_api.dto.request.ResultCreateRequest
[INFO] 100 errors 
[INFO] -------------------------------------------------------------
[INFO] ------------------------------------------------------------------------
[INFO] BUILD FAILURE
[INFO] ------------------------------------------------------------------------
[INFO] Total time:  1.557 s
[INFO] Finished at: 2026-06-08T16:55:17+05:30
[INFO] ------------------------------------------------------------------------
[ERROR] Failed to execute goal org.apache.maven.plugins:maven-compiler-plugin:3.11.0:compile (default-compile) on project student-exam-api: Compilation failure: Compilation failure: 
[ERROR] /C:/Users/athar/OneDrive/Desktop/internship/student-exam-api/src/main/java/com/internship/student_exam_api/config/DatabaseSeeder.java:[14,12] class com.internship.student_exam_api.config.DatabaseSeeder is already defined in package com.internship.student_exam_api.config
[ERROR] /C:/Users/athar/OneDrive/Desktop/internship/student-exam-api/src/main/java/com/internship/student_exam_api/controller/AuthController.java:[52,9] cannot find symbol
[ERROR]   symbol:   variable log
[ERROR]   location: class com.internship.student_exam_api.controller.AuthController
[ERROR] /C:/Users/athar/OneDrive/Desktop/internship/student-exam-api/src/main/java/com/internship/student_exam_api/controller/AuthController.java:[52,66] cannot find symbol
[ERROR]   symbol:   method getEmail()
[ERROR]   location: variable request of type com.internship.student_exam_api.dto.request.LoginRequest
[ERROR] /C:/Users/athar/OneDrive/Desktop/internship/student-exam-api/src/main/java/com/internship/student_exam_api/controller/AuthController.java:[56,24] cannot find symbol
[ERROR]   symbol:   method getEmail()
[ERROR]   location: variable request of type com.internship.student_exam_api.dto.request.LoginRequest
[ERROR] /C:/Users/athar/OneDrive/Desktop/internship/student-exam-api/src/main/java/com/internship/student_exam_api/controller/AuthController.java:[57,24] cannot find symbol
[ERROR]   symbol:   method getPassword()
[ERROR]   location: variable request of type com.internship.student_exam_api.dto.request.LoginRequest
[ERROR] /C:/Users/athar/OneDrive/Desktop/internship/student-exam-api/src/main/java/com/internship/student_exam_api/controller/AuthController.java:[64,9] cannot find symbol
[ERROR]   symbol:   variable log
[ERROR]   location: class com.internship.student_exam_api.controller.AuthController
[ERROR] /C:/Users/athar/OneDrive/Desktop/internship/student-exam-api/src/main/java/com/internship/student_exam_api/controller/AuthController.java:[67,26] cannot find symbol
[ERROR]   symbol:   method builder()
[ERROR]   location: class com.internship.student_exam_api.dto.response.LoginResponse
[ERROR] /C:/Users/athar/OneDrive/Desktop/internship/student-exam-api/src/main/java/com/internship/student_exam_api/security/JwtUtil.java:[59,13] cannot find symbol
[ERROR]   symbol:   variable log
[ERROR]   location: class com.internship.student_exam_api.security.JwtUtil
[ERROR] /C:/Users/athar/OneDrive/Desktop/internship/student-exam-api/src/main/java/com/internship/student_exam_api/security/AppUserDetails.java:[31,57] cannot find symbol
[ERROR]   symbol:   method getRole()
[ERROR]   location: variable appUser of type com.internship.student_exam_api.entity.AppUser
[ERROR] /C:/Users/athar/OneDrive/Desktop/internship/student-exam-api/src/main/java/com/internship/student_exam_api/security/AppUserDetails.java:[37,23] cannot find symbol
[ERROR]   symbol:   method getPassword()
[ERROR]   location: variable appUser of type com.internship.student_exam_api.entity.AppUser
[ERROR] /C:/Users/athar/OneDrive/Desktop/internship/student-exam-api/src/main/java/com/internship/student_exam_api/security/AppUserDetails.java:[42,23] cannot find symbol
[ERROR]   symbol:   method getEmail()
[ERROR]   location: variable appUser of type com.internship.student_exam_api.entity.AppUser
[ERROR] /C:/Users/athar/OneDrive/Desktop/internship/student-exam-api/src/main/java/com/internship/student_exam_api/security/AppUserDetails.java:[71,23] cannot find symbol
[ERROR]   symbol:   method getRole()
[ERROR]   location: variable appUser of type com.internship.student_exam_api.entity.AppUser
[ERROR] /C:/Users/athar/OneDrive/Desktop/internship/student-exam-api/src/main/java/com/internship/student_exam_api/service/ExamService.java:[44,9] cannot find symbol
[ERROR]   symbol:   variable log
[ERROR]   location: class com.internship.student_exam_api.service.ExamService
[ERROR] /C:/Users/athar/OneDrive/Desktop/internship/student-exam-api/src/main/java/com/internship/student_exam_api/service/ExamService.java:[44,65] cannot find symbol
[ERROR]   symbol:   method getExamName()
[ERROR]   location: variable request of type com.internship.student_exam_api.dto.request.ExamRequest
[ERROR] /C:/Users/athar/OneDrive/Desktop/internship/student-exam-api/src/main/java/com/internship/student_exam_api/service/ExamService.java:[44,88] cannot find symbol
[ERROR]   symbol:   method getSubjectId()
[ERROR]   location: variable request of type com.internship.student_exam_api.dto.request.ExamRequest
[ERROR] /C:/Users/athar/OneDrive/Desktop/internship/student-exam-api/src/main/java/com/internship/student_exam_api/service/ExamService.java:[47,68] cannot find symbol
[ERROR]   symbol:   method getSubjectId()
[ERROR]   location: variable request of type com.internship.student_exam_api.dto.request.ExamRequest
[ERROR] /C:/Users/athar/OneDrive/Desktop/internship/student-exam-api/src/main/java/com/internship/student_exam_api/service/ExamService.java:[49,37] cannot find symbol
[ERROR]   symbol:   method getExamName()
[ERROR]   location: variable request of type com.internship.student_exam_api.dto.request.ExamRequest
[ERROR] /C:/Users/athar/OneDrive/Desktop/internship/student-exam-api/src/main/java/com/internship/student_exam_api/service/ExamService.java:[49,69] cannot find symbol
[ERROR]   symbol:   method getExamDate()
[ERROR]   location: variable request of type com.internship.student_exam_api.dto.request.ExamRequest
[ERROR] /C:/Users/athar/OneDrive/Desktop/internship/student-exam-api/src/main/java/com/internship/student_exam_api/service/ExamService.java:[52,9] cannot find symbol
[ERROR]   symbol:   variable log
[ERROR]   location: class com.internship.student_exam_api.service.ExamService
[ERROR] /C:/Users/athar/OneDrive/Desktop/internship/student-exam-api/src/main/java/com/internship/student_exam_api/service/ExamService.java:[93,28] cannot find symbol
[ERROR]   symbol:   method builder()
[ERROR]   location: class com.internship.student_exam_api.dto.response.ExamResponse
[ERROR] /C:/Users/athar/OneDrive/Desktop/internship/student-exam-api/src/main/java/com/internship/student_exam_api/service/SubjectService.java:[29,9] cannot find symbol
[ERROR]   symbol:   variable log
[ERROR]   location: class com.internship.student_exam_api.service.SubjectService
[ERROR] /C:/Users/athar/OneDrive/Desktop/internship/student-exam-api/src/main/java/com/internship/student_exam_api/service/SubjectService.java:[29,59] cannot find symbol
[ERROR]   symbol:   method getSubjectCode()
[ERROR]   location: variable request of type com.internship.student_exam_api.dto.request.SubjectCreateRequest
[ERROR] /C:/Users/athar/OneDrive/Desktop/internship/student-exam-api/src/main/java/com/internship/student_exam_api/service/SubjectService.java:[31,58] cannot find symbol
[ERROR]   symbol:   method getSubjectCode()
[ERROR]   location: variable request of type com.internship.student_exam_api.dto.request.SubjectCreateRequest
[ERROR] /C:/Users/athar/OneDrive/Desktop/internship/student-exam-api/src/main/java/com/internship/student_exam_api/service/SubjectService.java:[32,83] cannot find symbol
[ERROR]   symbol:   method getSubjectCode()
[ERROR]   location: variable request of type com.internship.student_exam_api.dto.request.SubjectCreateRequest
[ERROR] /C:/Users/athar/OneDrive/Desktop/internship/student-exam-api/src/main/java/com/internship/student_exam_api/service/SubjectService.java:[36,20] cannot find symbol
[ERROR]   symbol:   method getSubjectName()
[ERROR]   location: variable request of type com.internship.student_exam_api.dto.request.SubjectCreateRequest
[ERROR] /C:/Users/athar/OneDrive/Desktop/internship/student-exam-api/src/main/java/com/internship/student_exam_api/service/SubjectService.java:[37,20] cannot find symbol
[ERROR]   symbol:   method getSubjectCode()
[ERROR]   location: variable request of type com.internship.student_exam_api.dto.request.SubjectCreateRequest
[ERROR] /C:/Users/athar/OneDrive/Desktop/internship/student-exam-api/src/main/java/com/internship/student_exam_api/service/SubjectService.java:[38,20] cannot find symbol
[ERROR]   symbol:   method getTotalMarks()
[ERROR]   location: variable request of type com.internship.student_exam_api.dto.request.SubjectCreateRequest
[ERROR] /C:/Users/athar/OneDrive/Desktop/internship/student-exam-api/src/main/java/com/internship/student_exam_api/service/SubjectService.java:[42,9] cannot find symbol
[ERROR]   symbol:   variable log
[ERROR]   location: class com.internship.student_exam_api.service.SubjectService
[ERROR] /C:/Users/athar/OneDrive/Desktop/internship/student-exam-api/src/main/java/com/internship/student_exam_api/service/SubjectService.java:[42,54] cannot find symbol
[ERROR]   symbol:   method getId()
[ERROR]   location: variable saved of type com.internship.student_exam_api.entity.Subject
[ERROR] /C:/Users/athar/OneDrive/Desktop/internship/student-exam-api/src/main/java/com/internship/student_exam_api/service/SubjectService.java:[61,9] cannot find symbol
[ERROR]   symbol:   variable log
[ERROR]   location: class com.internship.student_exam_api.service.SubjectService
[ERROR] /C:/Users/athar/OneDrive/Desktop/internship/student-exam-api/src/main/java/com/internship/student_exam_api/service/SubjectService.java:[64,66] cannot find symbol
[ERROR]   symbol:   method getSubjectCode()
[ERROR]   location: variable request of type com.internship.student_exam_api.dto.request.SubjectUpdateRequest
[ERROR] /C:/Users/athar/OneDrive/Desktop/internship/student-exam-api/src/main/java/com/internship/student_exam_api/service/SubjectService.java:[65,83] cannot find symbol
[ERROR]   symbol:   method getSubjectCode()
[ERROR]   location: variable request of type com.internship.student_exam_api.dto.request.SubjectUpdateRequest
[ERROR] /C:/Users/athar/OneDrive/Desktop/internship/student-exam-api/src/main/java/com/internship/student_exam_api/service/SubjectService.java:[68,39] cannot find symbol
[ERROR]   symbol:   method getSubjectName()
[ERROR]   location: variable request of type com.internship.student_exam_api.dto.request.SubjectUpdateRequest
[ERROR] /C:/Users/athar/OneDrive/Desktop/internship/student-exam-api/src/main/java/com/internship/student_exam_api/service/SubjectService.java:[69,39] cannot find symbol
[ERROR]   symbol:   method getSubjectCode()
[ERROR]   location: variable request of type com.internship.student_exam_api.dto.request.SubjectUpdateRequest
[ERROR] /C:/Users/athar/OneDrive/Desktop/internship/student-exam-api/src/main/java/com/internship/student_exam_api/service/SubjectService.java:[70,38] cannot find symbol
[ERROR]   symbol:   method getTotalMarks()
[ERROR]   location: variable request of type com.internship.student_exam_api.dto.request.SubjectUpdateRequest
[ERROR] /C:/Users/athar/OneDrive/Desktop/internship/student-exam-api/src/main/java/com/internship/student_exam_api/service/SubjectService.java:[77,9] cannot find symbol
[ERROR]   symbol:   variable log
[ERROR]   location: class com.internship.student_exam_api.service.SubjectService
[ERROR] /C:/Users/athar/OneDrive/Desktop/internship/student-exam-api/src/main/java/com/internship/student_exam_api/service/SubjectService.java:[92,31] cannot find symbol
[ERROR]   symbol:   method builder()
[ERROR]   location: class com.internship.student_exam_api.dto.response.SubjectResponse
[ERROR] /C:/Users/athar/OneDrive/Desktop/internship/student-exam-api/src/main/java/com/internship/student_exam_api/service/SubjectService.java:[93,24] cannot find symbol
[ERROR]   symbol:   method getId()
[ERROR]   location: variable subject of type com.internship.student_exam_api.entity.Subject
[ERROR] /C:/Users/athar/OneDrive/Desktop/internship/student-exam-api/src/main/java/com/internship/student_exam_api/service/SubjectService.java:[94,33] cannot find symbol
[ERROR]   symbol:   method getSubjectName()
[ERROR]   location: variable subject of type com.internship.student_exam_api.entity.Subject
[ERROR] /C:/Users/athar/OneDrive/Desktop/internship/student-exam-api/src/main/java/com/internship/student_exam_api/service/SubjectService.java:[95,33] cannot find symbol
[ERROR]   symbol:   method getSubjectCode()
[ERROR]   location: variable subject of type com.internship.student_exam_api.entity.Subject
[ERROR] /C:/Users/athar/OneDrive/Desktop/internship/student-exam-api/src/main/java/com/internship/student_exam_api/service/SubjectService.java:[96,32] cannot find symbol
[ERROR]   symbol:   method getTotalMarks()
[ERROR]   location: variable subject of type com.internship.student_exam_api.entity.Subject
[ERROR] /C:/Users/athar/OneDrive/Desktop/internship/student-exam-api/src/main/java/com/internship/student_exam_api/service/SubjectService.java:[97,31] cannot find symbol
[ERROR]   symbol:   method getCreatedAt()
[ERROR]   location: variable subject of type com.internship.student_exam_api.entity.Subject
[ERROR] /C:/Users/athar/OneDrive/Desktop/internship/student-exam-api/src/main/java/com/internship/student_exam_api/controller/ExamController.java:[43,9] cannot find symbol
[ERROR]   symbol:   variable log
[ERROR]   location: class com.internship.student_exam_api.controller.ExamController
[ERROR] /C:/Users/athar/OneDrive/Desktop/internship/student-exam-api/src/main/java/com/internship/student_exam_api/controller/ExamController.java:[54,9] cannot find symbol
[ERROR]   symbol:   variable log
[ERROR]   location: class com.internship.student_exam_api.controller.ExamController
[ERROR] /C:/Users/athar/OneDrive/Desktop/internship/student-exam-api/src/main/java/com/internship/student_exam_api/controller/ExamController.java:[65,9] cannot find symbol
[ERROR]   symbol:   variable log
[ERROR]   location: class com.internship.student_exam_api.controller.ExamController
[ERROR] /C:/Users/athar/OneDrive/Desktop/internship/student-exam-api/src/main/java/com/internship/student_exam_api/security/UserDetailsServiceImpl.java:[32,9] cannot find symbol
[ERROR]   symbol:   variable log
[ERROR]   location: class com.internship.student_exam_api.security.UserDetailsServiceImpl
[ERROR] /C:/Users/athar/OneDrive/Desktop/internship/student-exam-api/src/main/java/com/internship/student_exam_api/controller/StudentController.java:[85,9] cannot find symbol
[ERROR]   symbol:   variable log
[ERROR]   location: class com.internship.student_exam_api.controller.StudentController
[ERROR] /C:/Users/athar/OneDrive/Desktop/internship/student-exam-api/src/main/java/com/internship/student_exam_api/controller/StudentController.java:[97,9] cannot find symbol
[ERROR]   symbol:   variable log
[ERROR]   location: class com.internship.student_exam_api.controller.StudentController
[ERROR] /C:/Users/athar/OneDrive/Desktop/internship/student-exam-api/src/main/java/com/internship/student_exam_api/controller/StudentController.java:[112,9] cannot find symbol
[ERROR]   symbol:   variable log
[ERROR]   location: class com.internship.student_exam_api.controller.StudentController
[ERROR] /C:/Users/athar/OneDrive/Desktop/internship/student-exam-api/src/main/java/com/internship/student_exam_api/controller/StudentController.java:[125,9] cannot find symbol
[ERROR]   symbol:   variable log
[ERROR]   location: class com.internship.student_exam_api.controller.StudentController
[ERROR] /C:/Users/athar/OneDrive/Desktop/internship/student-exam-api/src/main/java/com/internship/student_exam_api/controller/StudentController.java:[142,9] cannot find symbol
[ERROR]   symbol:   variable log
[ERROR]   location: class com.internship.student_exam_api.controller.StudentController
[ERROR] /C:/Users/athar/OneDrive/Desktop/internship/student-exam-api/src/main/java/com/internship/student_exam_api/service/StudentService.java:[82,9] cannot find symbol
[ERROR]   symbol:   variable log
[ERROR]   location: class com.internship.student_exam_api.service.StudentService
[ERROR] /C:/Users/athar/OneDrive/Desktop/internship/student-exam-api/src/main/java/com/internship/student_exam_api/service/StudentService.java:[82,60] cannot find symbol
[ERROR]   symbol:   method getEmail()
[ERROR]   location: variable request of type com.internship.student_exam_api.dto.request.StudentCreateRequest
[ERROR] /C:/Users/athar/OneDrive/Desktop/internship/student-exam-api/src/main/java/com/internship/student_exam_api/service/StudentService.java:[85,52] cannot find symbol
[ERROR]   symbol:   method getEmail()
[ERROR]   location: variable request of type com.internship.student_exam_api.dto.request.StudentCreateRequest
[ERROR] /C:/Users/athar/OneDrive/Desktop/internship/student-exam-api/src/main/java/com/internship/student_exam_api/service/StudentService.java:[86,77] cannot find symbol
[ERROR]   symbol:   method getEmail()
[ERROR]   location: variable request of type com.internship.student_exam_api.dto.request.StudentCreateRequest
[ERROR] /C:/Users/athar/OneDrive/Desktop/internship/student-exam-api/src/main/java/com/internship/student_exam_api/service/StudentService.java:[90,57] cannot find symbol
[ERROR]   symbol:   method getRollNumber()
[ERROR]   location: variable request of type com.internship.student_exam_api.dto.request.StudentCreateRequest
[ERROR] /C:/Users/athar/OneDrive/Desktop/internship/student-exam-api/src/main/java/com/internship/student_exam_api/service/StudentService.java:[91,82] cannot find symbol
[ERROR]   symbol:   method getRollNumber()
[ERROR]   location: variable request of type com.internship.student_exam_api.dto.request.StudentCreateRequest
[ERROR] /C:/Users/athar/OneDrive/Desktop/internship/student-exam-api/src/main/java/com/internship/student_exam_api/service/StudentService.java:[96,20] cannot find symbol
[ERROR]   symbol:   method getName()
[ERROR]   location: variable request of type com.internship.student_exam_api.dto.request.StudentCreateRequest
[ERROR] /C:/Users/athar/OneDrive/Desktop/internship/student-exam-api/src/main/java/com/internship/student_exam_api/service/StudentService.java:[97,20] cannot find symbol
[ERROR]   symbol:   method getEmail()
[ERROR]   location: variable request of type com.internship.student_exam_api.dto.request.StudentCreateRequest
[ERROR] /C:/Users/athar/OneDrive/Desktop/internship/student-exam-api/src/main/java/com/internship/student_exam_api/service/StudentService.java:[98,20] cannot find symbol
[ERROR]   symbol:   method getRollNumber()
[ERROR]   location: variable request of type com.internship.student_exam_api.dto.request.StudentCreateRequest
[ERROR] /C:/Users/athar/OneDrive/Desktop/internship/student-exam-api/src/main/java/com/internship/student_exam_api/service/StudentService.java:[99,20] cannot find symbol
[ERROR]   symbol:   method getSection()
[ERROR]   location: variable request of type com.internship.student_exam_api.dto.request.StudentCreateRequest
[ERROR] /C:/Users/athar/OneDrive/Desktop/internship/student-exam-api/src/main/java/com/internship/student_exam_api/service/StudentService.java:[104,9] cannot find symbol
[ERROR]   symbol:   variable log
[ERROR]   location: class com.internship.student_exam_api.service.StudentService
[ERROR] /C:/Users/athar/OneDrive/Desktop/internship/student-exam-api/src/main/java/com/internship/student_exam_api/service/StudentService.java:[104,54] cannot find symbol
[ERROR]   symbol:   method getId()
[ERROR]   location: variable saved of type com.internship.student_exam_api.entity.Student
[ERROR] /C:/Users/athar/OneDrive/Desktop/internship/student-exam-api/src/main/java/com/internship/student_exam_api/service/StudentService.java:[115,9] cannot find symbol
[ERROR]   symbol:   variable log
[ERROR]   location: class com.internship.student_exam_api.service.StudentService
[ERROR] /C:/Users/athar/OneDrive/Desktop/internship/student-exam-api/src/main/java/com/internship/student_exam_api/service/StudentService.java:[132,9] cannot find symbol
[ERROR]   symbol:   variable log
[ERROR]   location: class com.internship.student_exam_api.service.StudentService
[ERROR] /C:/Users/athar/OneDrive/Desktop/internship/student-exam-api/src/main/java/com/internship/student_exam_api/service/StudentService.java:[164,9] cannot find symbol
[ERROR]   symbol:   variable log
[ERROR]   location: class com.internship.student_exam_api.service.StudentService
[ERROR] /C:/Users/athar/OneDrive/Desktop/internship/student-exam-api/src/main/java/com/internship/student_exam_api/service/StudentService.java:[169,60] cannot find symbol
[ERROR]   symbol:   method getEmail()
[ERROR]   location: variable request of type com.internship.student_exam_api.dto.request.StudentUpdateRequest
[ERROR] /C:/Users/athar/OneDrive/Desktop/internship/student-exam-api/src/main/java/com/internship/student_exam_api/service/StudentService.java:[170,77] cannot find symbol
[ERROR]   symbol:   method getEmail()
[ERROR]   location: variable request of type com.internship.student_exam_api.dto.request.StudentUpdateRequest
[ERROR] /C:/Users/athar/OneDrive/Desktop/internship/student-exam-api/src/main/java/com/internship/student_exam_api/service/StudentService.java:[174,32] cannot find symbol
[ERROR]   symbol:   method getName()
[ERROR]   location: variable request of type com.internship.student_exam_api.dto.request.StudentUpdateRequest
[ERROR] /C:/Users/athar/OneDrive/Desktop/internship/student-exam-api/src/main/java/com/internship/student_exam_api/service/StudentService.java:[175,33] cannot find symbol
[ERROR]   symbol:   method getEmail()
[ERROR]   location: variable request of type com.internship.student_exam_api.dto.request.StudentUpdateRequest
[ERROR] /C:/Users/athar/OneDrive/Desktop/internship/student-exam-api/src/main/java/com/internship/student_exam_api/service/StudentService.java:[176,35] cannot find symbol
[ERROR]   symbol:   method getSection()
[ERROR]   location: variable request of type com.internship.student_exam_api.dto.request.StudentUpdateRequest
[ERROR] /C:/Users/athar/OneDrive/Desktop/internship/student-exam-api/src/main/java/com/internship/student_exam_api/service/StudentService.java:[180,9] cannot find symbol
[ERROR]   symbol:   variable log
[ERROR]   location: class com.internship.student_exam_api.service.StudentService
[ERROR] /C:/Users/athar/OneDrive/Desktop/internship/student-exam-api/src/main/java/com/internship/student_exam_api/service/StudentService.java:[180,48] cannot find symbol
[ERROR]   symbol:   method getId()
[ERROR]   location: variable updated of type com.internship.student_exam_api.entity.Student
[ERROR] /C:/Users/athar/OneDrive/Desktop/internship/student-exam-api/src/main/java/com/internship/student_exam_api/service/StudentService.java:[191,9] cannot find symbol
[ERROR]   symbol:   variable log
[ERROR]   location: class com.internship.student_exam_api.service.StudentService
[ERROR] /C:/Users/athar/OneDrive/Desktop/internship/student-exam-api/src/main/java/com/internship/student_exam_api/service/StudentService.java:[199,9] cannot find symbol
[ERROR]   symbol:   variable log
[ERROR]   location: class com.internship.student_exam_api.service.StudentService
[ERROR] /C:/Users/athar/OneDrive/Desktop/internship/student-exam-api/src/main/java/com/internship/student_exam_api/service/StudentService.java:[233,31] cannot find symbol
[ERROR]   symbol:   method builder()
[ERROR]   location: class com.internship.student_exam_api.dto.response.StudentResponse
[ERROR] /C:/Users/athar/OneDrive/Desktop/internship/student-exam-api/src/main/java/com/internship/student_exam_api/service/StudentService.java:[234,24] cannot find symbol
[ERROR]   symbol:   method getId()
[ERROR]   location: variable student of type com.internship.student_exam_api.entity.Student
[ERROR] /C:/Users/athar/OneDrive/Desktop/internship/student-exam-api/src/main/java/com/internship/student_exam_api/service/StudentService.java:[235,26] cannot find symbol
[ERROR]   symbol:   method getName()
[ERROR]   location: variable student of type com.internship.student_exam_api.entity.Student
[ERROR] /C:/Users/athar/OneDrive/Desktop/internship/student-exam-api/src/main/java/com/internship/student_exam_api/service/StudentService.java:[236,27] cannot find symbol
[ERROR]   symbol:   method getEmail()
[ERROR]   location: variable student of type com.internship.student_exam_api.entity.Student
[ERROR] /C:/Users/athar/OneDrive/Desktop/internship/student-exam-api/src/main/java/com/internship/student_exam_api/service/StudentService.java:[237,32] cannot find symbol
[ERROR]   symbol:   method getRollNumber()
[ERROR]   location: variable student of type com.internship.student_exam_api.entity.Student
[ERROR] /C:/Users/athar/OneDrive/Desktop/internship/student-exam-api/src/main/java/com/internship/student_exam_api/service/StudentService.java:[238,29] cannot find symbol
[ERROR]   symbol:   method getSection()
[ERROR]   location: variable student of type com.internship.student_exam_api.entity.Student
[ERROR] /C:/Users/athar/OneDrive/Desktop/internship/student-exam-api/src/main/java/com/internship/student_exam_api/service/StudentService.java:[239,31] cannot find symbol
[ERROR]   symbol:   method getCreatedAt()
[ERROR]   location: variable student of type com.internship.student_exam_api.entity.Student
[ERROR] /C:/Users/athar/OneDrive/Desktop/internship/student-exam-api/src/main/java/com/internship/student_exam_api/service/StudentService.java:[240,31] cannot find symbol
[ERROR]   symbol:   method getUpdatedAt()
[ERROR]   location: variable student of type com.internship.student_exam_api.entity.Student
[ERROR] /C:/Users/athar/OneDrive/Desktop/internship/student-exam-api/src/main/java/com/internship/student_exam_api/security/JwtAuthFilter.java:[65,17] cannot find symbol
[ERROR]   symbol:   variable log
[ERROR]   location: class com.internship.student_exam_api.security.JwtAuthFilter
[ERROR] /C:/Users/athar/OneDrive/Desktop/internship/student-exam-api/src/main/java/com/internship/student_exam_api/controller/ResultController.java:[46,9] cannot find symbol
[ERROR]   symbol:   variable log
[ERROR]   location: class com.internship.student_exam_api.controller.ResultController
[ERROR] /C:/Users/athar/OneDrive/Desktop/internship/student-exam-api/src/main/java/com/internship/student_exam_api/controller/ResultController.java:[52,9] cannot find symbol
[ERROR]   symbol:   variable log
[ERROR]   location: class com.internship.student_exam_api.controller.ResultController
[ERROR] /C:/Users/athar/OneDrive/Desktop/internship/student-exam-api/src/main/java/com/internship/student_exam_api/controller/ResultController.java:[60,9] cannot find symbol
[ERROR]   symbol:   variable log
[ERROR]   location: class com.internship.student_exam_api.controller.ResultController
[ERROR] /C:/Users/athar/OneDrive/Desktop/internship/student-exam-api/src/main/java/com/internship/student_exam_api/controller/ResultController.java:[73,9] cannot find symbol
[ERROR]   symbol:   variable log
[ERROR]   location: class com.internship.student_exam_api.controller.ResultController
[ERROR] /C:/Users/athar/OneDrive/Desktop/internship/student-exam-api/src/main/java/com/internship/student_exam_api/service/ResultService.java:[68,9] cannot find symbol
[ERROR]   symbol:   variable log
[ERROR]   location: class com.internship.student_exam_api.service.ResultService
[ERROR] /C:/Users/athar/OneDrive/Desktop/internship/student-exam-api/src/main/java/com/internship/student_exam_api/service/ResultService.java:[69,20] cannot find symbol
[ERROR]   symbol:   method getStudentId()
[ERROR]   location: variable request of type com.internship.student_exam_api.dto.request.ResultCreateRequest
[ERROR] /C:/Users/athar/OneDrive/Desktop/internship/student-exam-api/src/main/java/com/internship/student_exam_api/service/ResultService.java:[69,44] cannot find symbol
[ERROR]   symbol:   method getExamId()
[ERROR]   location: variable request of type com.internship.student_exam_api.dto.request.ResultCreateRequest
[ERROR] /C:/Users/athar/OneDrive/Desktop/internship/student-exam-api/src/main/java/com/internship/student_exam_api/service/ResultService.java:[72,68] cannot find symbol
[ERROR]   symbol:   method getStudentId()
[ERROR]   location: variable request of type com.internship.student_exam_api.dto.request.ResultCreateRequest
[ERROR] /C:/Users/athar/OneDrive/Desktop/internship/student-exam-api/src/main/java/com/internship/student_exam_api/service/ResultService.java:[75,56] cannot find symbol
[ERROR]   symbol:   method getExamId()
[ERROR]   location: variable request of type com.internship.student_exam_api.dto.request.ResultCreateRequest
[ERROR] /C:/Users/athar/OneDrive/Desktop/internship/student-exam-api/src/main/java/com/internship/student_exam_api/service/ResultService.java:[78,64] cannot find symbol
[ERROR]   symbol:   method getStudentId()
[ERROR]   location: variable request of type com.internship.student_exam_api.dto.request.ResultCreateRequest
[ERROR] /C:/Users/athar/OneDrive/Desktop/internship/student-exam-api/src/main/java/com/internship/student_exam_api/service/ResultService.java:[78,88] cannot find symbol
[ERROR]   symbol:   method getExamId()
[ERROR]   location: variable request of type com.internship.student_exam_api.dto.request.ResultCreateRequest
[ERROR] /C:/Users/athar/OneDrive/Desktop/internship/student-exam-api/src/main/java/com/internship/student_exam_api/service/ResultService.java:[80,69] cannot find symbol
[ERROR]   symbol:   method getStudentId()
[ERROR]   location: variable request of type com.internship.student_exam_api.dto.request.ResultCreateRequest
[ERROR] /C:/Users/athar/OneDrive/Desktop/internship/student-exam-api/src/main/java/com/internship/student_exam_api/service/ResultService.java:[81,43] cannot find symbol
[ERROR]   symbol:   method getExamId()
[ERROR]   location: variable request of type com.internship.student_exam_api.dto.request.ResultCreateRequest
[ERROR] /C:/Users/athar/OneDrive/Desktop/internship/student-exam-api/src/main/java/com/internship/student_exam_api/service/ResultService.java:[86,46] cannot find symbol
[ERROR]   symbol:   method getTotalMarks()
[ERROR]   location: class com.internship.student_exam_api.entity.Subject
[ERROR] /C:/Users/athar/OneDrive/Desktop/internship/student-exam-api/src/main/java/com/internship/student_exam_api/service/ResultService.java:[87,20] cannot find symbol
[ERROR]   symbol:   method getMarks()
[ERROR]   location: variable request of type com.internship.student_exam_api.dto.request.ResultCreateRequest
[ERROR] /C:/Users/athar/OneDrive/Desktop/internship/student-exam-api/src/main/java/com/internship/student_exam_api/service/ResultService.java:[89,36] cannot find symbol
[ERROR]   symbol:   method getMarks()
[ERROR]   location: variable request of type com.internship.student_exam_api.dto.request.ResultCreateRequest
[ERROR] -> [Help 1]
[ERROR] 
[ERROR] To see the full stack trace of the errors, re-run Maven with the -e switch.
[ERROR] Re-run Maven using the -X switch to enable full debug logging.
[ERROR] 
[ERROR] For more information about the errors and possible solutions, please read the following articles:
[ERROR] [Help 1] http://cwiki.apache.org/confluence/display/MAVEN/MojoFailureException
